../Core/Src/main.c:26:5:main	16	static
../Core/Src/main.c:65:6:vBlueLedControllerTask	16	static
../Core/Src/main.c:74:6:vRedLedControllerTask	16	static
../Core/Src/main.c:84:6:vGreenLedControllerTask	16	static
../Core/Src/main.c:93:5:__io_putchar	16	static
../Core/Src/main.c:99:6:vApplicationIdleHook	4	static
../Core/Src/main.c:104:6:SystemClock_Config	88	static
../Core/Src/main.c:146:13:MX_USART2_UART_Init	8	static
../Core/Src/main.c:179:13:MX_GPIO_Init	16	static
../Core/Src/main.c:214:6:HAL_TIM_PeriodElapsedCallback	16	static
../Core/Src/main.c:232:6:Error_Handler	4	static,ignoring_inline_asm
