2025-09-20 22:40:14,746 [INFO] Activator:176 - 


2025-09-20 22:40:14,752 [INFO] Activator:177 - !SESSION log4j initialized
2025-09-20 22:40:20,929 [INFO] LogOutputStream:77 - [STDOUT_REDIRECT] 
2025-09-20 22:40:24,462 [INFO] ApplicationProperties:184 - Using Application install path: C:\ST\STM32CubeIDE_1.18.0\STM32CubeIDE\plugins\com.st.stm32cube.common.mx_6.15.0.202507011659
2025-09-20 22:40:24,477 [INFO] DbMcusXml:78 - Set database path to: C:\ST\STM32CubeIDE_1.18.0\STM32CubeIDE\plugins\com.st.stm32cube.common.mx_6.15.0.202507011659\\db\/mcu/
2025-09-20 22:40:24,478 [INFO] ApiDb:274 - Set plugin database path to: C:\ST\STM32CubeIDE_1.18.0\STM32CubeIDE\plugins\com.st.stm32cube.common.mx_6.15.0.202507011659\\db\/plugins/boardmanager/
2025-09-20 22:40:24,486 [WARN] ApiDb:259 - Overriding images path with different value:  => C:\ST\STM32CubeIDE_1.18.0\STM32CubeIDE\plugins\com.st.stm32cube.common.mx_6.15.0.202507011659\\db\/plugins/mcufinder/images/
2025-09-20 22:40:24,491 [INFO] ApiDb:250 - Set database path to: C:\Users\anish\.stmcufinder\plugins\mcufinder//mcu/
2025-09-20 22:40:24,492 [INFO] DbMcusAds:125 - Set database path to: C:\Users\anish\.stmcufinder\plugins\mcufinder//mcu/
2025-09-20 22:40:24,494 [INFO] CrossReferenceDbSqlite:203 - Set database path to: C:\Users\anish\.stmcufinder\plugins\mcufinder//mcu/cs/
2025-09-20 22:40:24,601 [INFO] RulesReader:64 - Compatibility file has been processed (317 Rules)
2025-09-20 22:40:24,697 [INFO] DbMcusXml:78 - Set database path to: C:\ST\STM32CubeIDE_1.18.0\STM32CubeIDE\plugins\com.st.stm32cube.common.mx_6.15.0.202507011659\\db\/mcu/
2025-09-20 22:40:24,698 [INFO] ApiDb:274 - Set plugin database path to: C:\ST\STM32CubeIDE_1.18.0\STM32CubeIDE\plugins\com.st.stm32cube.common.mx_6.15.0.202507011659\\db\/plugins/boardmanager/
2025-09-20 22:40:24,698 [INFO] ApiDb:261 - Set plugin images path to: C:\ST\STM32CubeIDE_1.18.0\STM32CubeIDE\plugins\com.st.stm32cube.common.mx_6.15.0.202507011659\\db\/plugins/mcufinder/images/
2025-09-20 22:40:24,698 [WARN] DbFile:41 - Overriding database path with different value: C:\Users\anish\.stmcufinder\plugins\mcufinder/ => C:\Users\anish\.stmcufinder\plugins\mcufinder
2025-09-20 22:40:24,698 [INFO] ApiDb:250 - Set database path to: C:\Users\anish\.stmcufinder\plugins\mcufinder//mcu/
2025-09-20 22:40:24,698 [WARN] DbFile:41 - Overriding database path with different value: C:\Users\anish\.stmcufinder\plugins\mcufinder/ => C:\Users\anish\.stmcufinder\plugins\mcufinder
2025-09-20 22:40:24,699 [INFO] DbMcusAds:125 - Set database path to: C:\Users\anish\.stmcufinder\plugins\mcufinder//mcu/
2025-09-20 22:40:24,699 [WARN] DbFile:41 - Overriding database path with different value: C:\Users\anish\.stmcufinder\plugins\mcufinder/ => C:\Users\anish\.stmcufinder\plugins\mcufinder
2025-09-20 22:40:24,699 [WARN] DbFile:41 - Overriding database path with different value: C:\Users\anish\.stmcufinder\plugins\mcufinder/ => C:\Users\anish\.stmcufinder\plugins\mcufinder
2025-09-20 22:40:24,699 [INFO] CrossReferenceDbSqlite:203 - Set database path to: C:\Users\anish\.stmcufinder\plugins\mcufinder//mcu/cs/
2025-09-20 22:40:24,775 [INFO] MainPanel:274 - HeapMemory: 268435456
2025-09-20 22:40:24,856 [INFO] DbMcusXml:78 - Set database path to: C:\ST\STM32CubeIDE_1.18.0\STM32CubeIDE\plugins\com.st.stm32cube.common.mx_6.15.0.202507011659\\db\/mcu/
2025-09-20 22:40:24,856 [INFO] ApiDb:274 - Set plugin database path to: C:\ST\STM32CubeIDE_1.18.0\STM32CubeIDE\plugins\com.st.stm32cube.common.mx_6.15.0.202507011659\\db\/plugins/boardmanager/
2025-09-20 22:40:24,856 [INFO] ApiDb:261 - Set plugin images path to: C:\ST\STM32CubeIDE_1.18.0\STM32CubeIDE\plugins\com.st.stm32cube.common.mx_6.15.0.202507011659\\db\/plugins/mcufinder/images/
2025-09-20 22:40:24,856 [WARN] DbFile:41 - Overriding database path with different value: C:\Users\anish\.stmcufinder\plugins\mcufinder/ => C:\Users\anish\.stmcufinder\plugins\mcufinder
2025-09-20 22:40:24,856 [INFO] ApiDb:250 - Set database path to: C:\Users\anish\.stmcufinder\plugins\mcufinder//mcu/
2025-09-20 22:40:24,857 [WARN] DbFile:41 - Overriding database path with different value: C:\Users\anish\.stmcufinder\plugins\mcufinder/ => C:\Users\anish\.stmcufinder\plugins\mcufinder
2025-09-20 22:40:24,857 [INFO] DbMcusAds:125 - Set database path to: C:\Users\anish\.stmcufinder\plugins\mcufinder//mcu/
2025-09-20 22:40:24,857 [WARN] DbFile:41 - Overriding database path with different value: C:\Users\anish\.stmcufinder\plugins\mcufinder/ => C:\Users\anish\.stmcufinder\plugins\mcufinder
2025-09-20 22:40:24,857 [WARN] DbFile:41 - Overriding database path with different value: C:\Users\anish\.stmcufinder\plugins\mcufinder/ => C:\Users\anish\.stmcufinder\plugins\mcufinder
2025-09-20 22:40:24,857 [INFO] CrossReferenceDbSqlite:203 - Set database path to: C:\Users\anish\.stmcufinder\plugins\mcufinder//mcu/cs/
2025-09-20 22:40:24,875 [INFO] ApplicationProperties:184 - Using Application install path: C:\ST\STM32CubeIDE_1.18.0\STM32CubeIDE\plugins\com.st.stm32cube.common.mx_6.15.0.202507011659
2025-09-20 22:40:24,876 [INFO] PluginManage:196 - Search for loadable plugins [exclusion list=, ]
2025-09-20 22:40:24,878 [INFO] PluginManage:310 - Check plugin analytics
2025-09-20 22:40:25,080 [INFO] AnalyticsPlugin:253 - Accepted Software Licenses: 
2025-09-20 22:40:25,081 [INFO] AnalyticsPlugin:255 - Accepted CMSIS Pack Licenses: 
2025-09-20 22:40:25,081 [INFO] AnalyticsPlugin:257 - Accepted Firmware Licenses: FW.F4.1.28.0
2025-09-20 22:40:25,085 [INFO] PluginManage:359 - Loaded plugin analytics (category:tool,tabindex:-1)
2025-09-20 22:40:25,086 [INFO] PluginManage:310 - Check plugin cadmodel
2025-09-20 22:40:25,091 [INFO] CADModel:105 - Init CAD model plugin
2025-09-20 22:40:25,092 [INFO] PluginManage:359 - Loaded plugin cadmodel (category:power,tabindex:5)
2025-09-20 22:40:25,092 [INFO] PluginManage:310 - Check plugin clock
2025-09-20 22:40:25,106 [INFO] PluginManage:359 - Loaded plugin clock (category:base,tabindex:2)
2025-09-20 22:40:25,106 [INFO] PluginManage:310 - Check plugin ddr
2025-09-20 22:40:25,110 [INFO] PluginManage:359 - Loaded plugin ddr (category:tool,tabindex:6)
2025-09-20 22:40:25,110 [INFO] PluginManage:310 - Check plugin filemanager
2025-09-20 22:40:25,280 [INFO] PluginManage:359 - Loaded plugin filemanager (category:base,tabindex:10)
2025-09-20 22:40:25,280 [INFO] PluginManage:310 - Check plugin ipmanager
2025-09-20 22:40:25,287 [INFO] PluginManage:359 - Loaded plugin ipmanager (category:base,tabindex:5)
2025-09-20 22:40:25,287 [INFO] PluginManage:310 - Check plugin lpbam
2025-09-20 22:40:25,295 [INFO] PluginManage:359 - Loaded plugin lpbam (category:base,tabindex:0)
2025-09-20 22:40:25,296 [INFO] PluginManage:310 - Check plugin memorymap
2025-09-20 22:40:25,307 [INFO] PluginManage:359 - Loaded plugin memorymap (category:base,tabindex:4)
2025-09-20 22:40:25,307 [INFO] PluginManage:310 - Check plugin pinoutandconfiguration
2025-09-20 22:40:25,315 [INFO] PluginManage:359 - Loaded plugin pinoutandconfiguration (category:base,tabindex:1)
2025-09-20 22:40:25,315 [INFO] PluginManage:310 - Check plugin pinoutconfig
2025-09-20 22:40:25,397 [WARN] SupportedApi:132 - Cannot load RTOS API schema: s4s-elt-must-match.1: The content of 'definitions' must match (annotation?, (simpleType | complexType)?, (unique | key | keyref)*)). A problem was found starting at: attribute.
2025-09-20 22:40:25,520 [INFO] PluginManage:359 - Loaded plugin pinoutconfig (category:base,tabindex:0)
2025-09-20 22:40:25,520 [INFO] PluginManage:310 - Check plugin power
2025-09-20 22:40:25,528 [INFO] PluginManage:359 - Loaded plugin power (category:power,tabindex:4)
2025-09-20 22:40:25,528 [INFO] PluginManage:310 - Check plugin projectmanager
2025-09-20 22:40:25,545 [INFO] PluginManage:359 - Loaded plugin projectmanager (category:projectmanager,tabindex:4)
2025-09-20 22:40:25,547 [INFO] PluginManage:310 - Check plugin rif
2025-09-20 22:40:25,555 [INFO] PluginManage:359 - Loaded plugin rif (category:base,tabindex:3)
2025-09-20 22:40:25,555 [INFO] PluginManage:310 - Check plugin thirdparty
2025-09-20 22:40:25,698 [INFO] PluginManage:359 - Loaded plugin thirdparty (category:base,tabindex:-1)
2025-09-20 22:40:25,698 [WARN] IntegrityCheckThread:84 - waiting for thirdparty lock release [integrity check]
2025-09-20 22:40:25,698 [INFO] PluginManage:310 - Check plugin tools
2025-09-20 22:40:25,698 [INFO] IntegrityCheckThread:86 - entering critical section [integrity check]
2025-09-20 22:40:25,698 [INFO] ThirdPartyUpdaterWithRetryManager:70 - Updater plugin not ready yet. [1/15]
2025-09-20 22:40:25,700 [INFO] PluginManage:359 - Loaded plugin tools (category:base,tabindex:7)
2025-09-20 22:40:25,700 [INFO] PluginManage:310 - Check plugin tutovideos
2025-09-20 22:40:25,923 [INFO] PluginManage:359 - Loaded plugin tutovideos (category:base,tabindex:-1)
2025-09-20 22:40:25,923 [INFO] PluginManage:310 - Check plugin updater
2025-09-20 22:40:25,950 [INFO] PluginManage:359 - Loaded plugin updater (category:base,tabindex:12)
2025-09-20 22:40:25,950 [INFO] PluginManage:310 - Check plugin userauth
2025-09-20 22:40:25,954 [INFO] UserAuth:118 - Init User Auth plugin
2025-09-20 22:40:25,956 [INFO] PluginManage:359 - Loaded plugin userauth (category:base,tabindex:14)
2025-09-20 22:40:25,957 [INFO] PluginManage:283 - PluginManage : Loaded plugins [18]
2025-09-20 22:40:26,211 [INFO] PinOutPanel:1589 - setPackage(No Configuration,No Configuration)
2025-09-20 22:40:26,297 [INFO] CADModel:165 - CPN selected for project level
2025-09-20 22:40:26,297 [INFO] CADModel:114 - Register for checkConnection events
2025-09-20 22:40:26,311 [INFO] IPUIPlugin:80 - create IPUIPlugin
2025-09-20 22:40:26,312 [INFO] PluginManager:220 - loadIPPluginJar : add adc
2025-09-20 22:40:26,314 [INFO] IPUIPlugin:80 - create IPUIPlugin
2025-09-20 22:40:26,314 [INFO] PluginManager:220 - loadIPPluginJar : add aes
2025-09-20 22:40:26,316 [INFO] IPUIPlugin:80 - create IPUIPlugin
2025-09-20 22:40:26,317 [INFO] PluginManager:220 - loadIPPluginJar : add can
2025-09-20 22:40:26,318 [INFO] IPUIPlugin:80 - create IPUIPlugin
2025-09-20 22:40:26,318 [INFO] PluginManager:220 - loadIPPluginJar : add comp
2025-09-20 22:40:26,321 [INFO] IPUIPlugin:80 - create IPUIPlugin
2025-09-20 22:40:26,321 [INFO] PluginManager:220 - loadIPPluginJar : add cryp
2025-09-20 22:40:26,323 [INFO] IPUIPlugin:80 - create IPUIPlugin
2025-09-20 22:40:26,323 [INFO] PluginManager:220 - loadIPPluginJar : add ddr_ctrl_phy
2025-09-20 22:40:26,325 [INFO] IPUIPlugin:80 - create IPUIPlugin
2025-09-20 22:40:26,326 [INFO] PluginManager:220 - loadIPPluginJar : add dfsdm
2025-09-20 22:40:26,330 [INFO] IPUIPlugin:80 - create IPUIPlugin
2025-09-20 22:40:26,331 [INFO] PluginManager:220 - loadIPPluginJar : add dma
2025-09-20 22:40:26,333 [INFO] IPUIPlugin:80 - create IPUIPlugin
2025-09-20 22:40:26,333 [INFO] PluginManager:220 - loadIPPluginJar : add dma3
2025-09-20 22:40:26,335 [INFO] IPUIPlugin:80 - create IPUIPlugin
2025-09-20 22:40:26,336 [INFO] PluginManager:220 - loadIPPluginJar : add extmemmanager
2025-09-20 22:40:26,337 [INFO] IPUIPlugin:80 - create IPUIPlugin
2025-09-20 22:40:26,337 [INFO] PluginManager:220 - loadIPPluginJar : add fatfs
2025-09-20 22:40:26,341 [INFO] IPUIPlugin:80 - create IPUIPlugin
2025-09-20 22:40:26,342 [INFO] PluginManager:220 - loadIPPluginJar : add fmc
2025-09-20 22:40:26,347 [INFO] IPUIPlugin:80 - create IPUIPlugin
2025-09-20 22:40:26,348 [INFO] PluginManager:220 - loadIPPluginJar : add freertos
2025-09-20 22:40:26,349 [INFO] IPUIPlugin:80 - create IPUIPlugin
2025-09-20 22:40:26,349 [INFO] PluginManager:220 - loadIPPluginJar : add genericplugin
2025-09-20 22:40:26,351 [INFO] IPUIPlugin:80 - create IPUIPlugin
2025-09-20 22:40:26,351 [INFO] PluginManager:220 - loadIPPluginJar : add gfxmmu
2025-09-20 22:40:26,356 [INFO] IPUIPlugin:80 - create IPUIPlugin
2025-09-20 22:40:26,356 [INFO] PluginManager:220 - loadIPPluginJar : add gic
2025-09-20 22:40:26,360 [INFO] IPUIPlugin:80 - create IPUIPlugin
2025-09-20 22:40:26,360 [INFO] PluginManager:220 - loadIPPluginJar : add gpio
2025-09-20 22:40:26,363 [INFO] IPUIPlugin:80 - create IPUIPlugin
2025-09-20 22:40:26,363 [INFO] PluginManager:220 - loadIPPluginJar : add gtzc
2025-09-20 22:40:26,365 [INFO] IPUIPlugin:80 - create IPUIPlugin
2025-09-20 22:40:26,366 [INFO] PluginManager:220 - loadIPPluginJar : add hash
2025-09-20 22:40:26,368 [INFO] IPUIPlugin:80 - create IPUIPlugin
2025-09-20 22:40:26,368 [INFO] PluginManager:220 - loadIPPluginJar : add i2c
2025-09-20 22:40:26,371 [INFO] IPUIPlugin:80 - create IPUIPlugin
2025-09-20 22:40:26,371 [INFO] PluginManager:220 - loadIPPluginJar : add i2s
2025-09-20 22:40:26,374 [INFO] IPUIPlugin:80 - create IPUIPlugin
2025-09-20 22:40:26,374 [INFO] PluginManager:220 - loadIPPluginJar : add i3c
2025-09-20 22:40:26,378 [INFO] IPUIPlugin:80 - create IPUIPlugin
2025-09-20 22:40:26,378 [INFO] PluginManager:220 - loadIPPluginJar : add ipddr
2025-09-20 22:40:26,385 [INFO] IPUIPlugin:80 - create IPUIPlugin
2025-09-20 22:40:26,386 [INFO] PluginManager:220 - loadIPPluginJar : add linkedlist
2025-09-20 22:40:26,389 [INFO] IPUIPlugin:80 - create IPUIPlugin
2025-09-20 22:40:26,389 [INFO] PluginManager:220 - loadIPPluginJar : add lorawan
2025-09-20 22:40:26,390 [INFO] IPUIPlugin:80 - create IPUIPlugin
2025-09-20 22:40:26,390 [INFO] PluginManager:220 - loadIPPluginJar : add ltdc
2025-09-20 22:40:26,395 [INFO] IPUIPlugin:80 - create IPUIPlugin
2025-09-20 22:40:26,395 [INFO] PluginManager:220 - loadIPPluginJar : add mdma
2025-09-20 22:40:26,399 [INFO] IPUIPlugin:80 - create IPUIPlugin
2025-09-20 22:40:26,399 [INFO] PluginManager:220 - loadIPPluginJar : add nvic
2025-09-20 22:40:26,402 [INFO] IPUIPlugin:80 - create IPUIPlugin
2025-09-20 22:40:26,402 [INFO] PluginManager:220 - loadIPPluginJar : add opamp
2025-09-20 22:40:26,405 [INFO] IPUIPlugin:80 - create IPUIPlugin
2025-09-20 22:40:26,405 [INFO] PluginManager:220 - loadIPPluginJar : add openamp
2025-09-20 22:40:26,409 [INFO] IPUIPlugin:80 - create IPUIPlugin
2025-09-20 22:40:26,409 [INFO] PluginManager:220 - loadIPPluginJar : add pdm2pcm
2025-09-20 22:40:26,415 [INFO] IPUIPlugin:80 - create IPUIPlugin
2025-09-20 22:40:26,418 [INFO] PluginManager:220 - loadIPPluginJar : add plateformsettings
2025-09-20 22:40:26,419 [INFO] IPUIPlugin:80 - create IPUIPlugin
2025-09-20 22:40:26,419 [INFO] PluginManager:220 - loadIPPluginJar : add quadspi
2025-09-20 22:40:26,421 [INFO] IPUIPlugin:80 - create IPUIPlugin
2025-09-20 22:40:26,422 [INFO] PluginManager:220 - loadIPPluginJar : add radio
2025-09-20 22:40:26,424 [INFO] IPUIPlugin:80 - create IPUIPlugin
2025-09-20 22:40:26,425 [INFO] PluginManager:220 - loadIPPluginJar : add resmgrutility
2025-09-20 22:40:26,427 [INFO] IPUIPlugin:80 - create IPUIPlugin
2025-09-20 22:40:26,427 [INFO] PluginManager:220 - loadIPPluginJar : add sai
2025-09-20 22:40:26,429 [INFO] IPUIPlugin:80 - create IPUIPlugin
2025-09-20 22:40:26,429 [INFO] PluginManager:220 - loadIPPluginJar : add spi
2025-09-20 22:40:26,434 [INFO] IPUIPlugin:80 - create IPUIPlugin
2025-09-20 22:40:26,435 [INFO] PluginManager:220 - loadIPPluginJar : add stm32_wpan
2025-09-20 22:40:26,436 [INFO] IPUIPlugin:80 - create IPUIPlugin
2025-09-20 22:40:26,436 [INFO] PluginManager:220 - loadIPPluginJar : add tim
2025-09-20 22:40:26,438 [INFO] IPUIPlugin:80 - create IPUIPlugin
2025-09-20 22:40:26,439 [INFO] PluginManager:220 - loadIPPluginJar : add touchsensing
2025-09-20 22:40:26,440 [INFO] IPUIPlugin:80 - create IPUIPlugin
2025-09-20 22:40:26,440 [INFO] PluginManager:220 - loadIPPluginJar : add tracer_emb
2025-09-20 22:40:26,443 [INFO] IPUIPlugin:80 - create IPUIPlugin
2025-09-20 22:40:26,443 [INFO] PluginManager:220 - loadIPPluginJar : add ts
2025-09-20 22:40:26,444 [INFO] IPUIPlugin:80 - create IPUIPlugin
2025-09-20 22:40:26,444 [INFO] PluginManager:220 - loadIPPluginJar : add tsc
2025-09-20 22:40:26,445 [INFO] IPUIPlugin:80 - create IPUIPlugin
2025-09-20 22:40:26,446 [INFO] PluginManager:220 - loadIPPluginJar : add ucpd
2025-09-20 22:40:26,447 [INFO] IPUIPlugin:80 - create IPUIPlugin
2025-09-20 22:40:26,448 [INFO] PluginManager:220 - loadIPPluginJar : add usart
2025-09-20 22:40:26,450 [INFO] IPUIPlugin:80 - create IPUIPlugin
2025-09-20 22:40:26,450 [INFO] PluginManager:220 - loadIPPluginJar : add usbx
2025-09-20 22:40:26,576 [FATAL] Updater:351 - Updater called before beeing initialized
2025-09-20 22:40:26,603 [INFO] RulesReader:64 - Compatibility file has been processed (317 Rules)
2025-09-20 22:40:26,614 [INFO] RulesReader:64 - Compatibility file has been processed (317 Rules)
2025-09-20 22:40:26,627 [INFO] CADModel:165 - CPN selected for project level
2025-09-20 22:40:26,627 [INFO] CADModel:114 - Register for checkConnection events
2025-09-20 22:40:26,627 [FATAL] Updater:351 - Updater called before beeing initialized
2025-09-20 22:40:26,627 [ERROR] CADModel:125 - Updater not yet initialized, retry later 
2025-09-20 22:40:26,794 [FATAL] Updater:351 - Updater called before beeing initialized
2025-09-20 22:40:26,796 [INFO] CADModel:165 - CPN selected for project level
2025-09-20 22:40:26,796 [INFO] CADModel:114 - Register for checkConnection events
2025-09-20 22:40:26,796 [FATAL] Updater:351 - Updater called before beeing initialized
2025-09-20 22:40:26,796 [ERROR] CADModel:125 - Updater not yet initialized, retry later 
2025-09-20 22:40:26,801 [FATAL] Updater:351 - Updater called before beeing initialized
2025-09-20 22:40:26,957 [FATAL] Updater:351 - Updater called before beeing initialized
2025-09-20 22:40:26,960 [INFO] DbMcusAds:53 - JSON generation date=Tue Jul 08 13:44:23 IST 2025 (1751962463524)
2025-09-20 22:40:26,961 [FATAL] Updater:351 - Updater called before beeing initialized
2025-09-20 22:40:26,993 [WARN] DetailPanel:346 - Failed to get advertising image, set to default
2025-09-20 22:40:27,083 [FATAL] Updater:351 - Updater called before beeing initialized
2025-09-20 22:40:27,085 [FATAL] Updater:351 - Updater called before beeing initialized
2025-09-20 22:40:27,085 [FATAL] Updater:351 - Updater called before beeing initialized
2025-09-20 22:40:27,085 [WARN] DetailPanel:346 - Failed to get advertising image, set to default
2025-09-20 22:40:27,086 [FATAL] Updater:351 - Updater called before beeing initialized
2025-09-20 22:40:27,132 [ERROR] Updater:1198 - MainUpdater not yet initialized. External WinMGr cannot be set.
2025-09-20 22:40:27,134 [INFO] Updater:1134 - Updater Version found : 6.15.0
2025-09-20 22:40:27,149 [INFO] ApplicationProperties:184 - Using Application install path: C:\ST\STM32CubeIDE_1.18.0\STM32CubeIDE\plugins\com.st.stm32cube.common.mx_6.15.0.202507011659
2025-09-20 22:40:28,700 [INFO] ThirdPartyUpdaterWithRetryManager:70 - Updater plugin not ready yet. [2/15]
2025-09-20 22:40:28,721 [ERROR] LogOutputStream:75 - [STDERR_REDIRECT] Sep 20, 2025 10:40:28 PM java.util.prefs.WindowsPreferences <init>
2025-09-20 22:40:28,723 [ERROR] LogOutputStream:75 - [STDERR_REDIRECT] WARNING: Could not open/create prefs root node Software\JavaSoft\Prefs at root 0xffffffff80000002. Windows RegCreateKeyEx(...) returned error code 5.
2025-09-20 22:40:28,724 [ERROR] LogOutputStream:75 - [STDERR_REDIRECT] 
2025-09-20 22:40:29,270 [INFO] MainUpdater:2872 - connection check result : 10
2025-09-20 22:40:29,270 [INFO] MainUpdater:289 - Updater Check For Update Now.
2025-09-20 22:40:29,270 [INFO] MicroXplorer:498 - Change Database Version : DB.6.0.150
2025-09-20 22:40:29,276 [INFO] McuFinderGlobals:63 - Set McuFinder mode to 2 (CubeIDE integrated)
2025-09-20 22:40:29,277 [INFO] UserAuth:487 - Internet connection configuration mode: 1
2025-09-20 22:40:29,303 [INFO] JxBrowserEngine:152 - Initiate JxBrowser Engine with user profile folder
2025-09-20 22:40:29,455 [INFO] CheckServerUpdateThread:120 - End of CheckServer Thread
2025-09-20 22:40:29,976 [INFO] WebApp:169 - Instantiating new browser for Auth
2025-09-20 22:40:30,634 [INFO] WebApp:463 - Apply proxy settings
2025-09-20 22:40:30,634 [INFO] WebApp:548 - Chromium requires no authentication
2025-09-20 22:40:30,645 [INFO] WebApp:491 - Direct internet connection detected
2025-09-20 22:40:30,669 [INFO] WebApp:900 - Register for checkConnection events
2025-09-20 22:40:30,669 [INFO] WebApp:463 - Apply proxy settings
2025-09-20 22:40:30,669 [INFO] WebApp:548 - Chromium requires no authentication
2025-09-20 22:40:30,670 [INFO] WebApp:491 - Direct internet connection detected
2025-09-20 22:40:30,847 [INFO] WebApp:225 - Starting web application
2025-09-20 22:40:30,847 [INFO] WebApp:593 - Web application path used C:\ST\STM32CubeIDE_1.18.0\STM32CubeIDE\plugins\com.st.stm32cube.common.mx_6.15.0.202507011659\db\plugins\mcufinder\reactClient1\index.html
2025-09-20 22:40:30,944 [INFO] UserAuth:487 - Internet connection configuration mode: 1
2025-09-20 22:40:31,184 [INFO] WebApp:191 - Connection restablished
2025-09-20 22:40:31,977 [WARN] PackLoader:240 - Cannot read IP mode file for STMicroelectronics.FP-SNS-MOTENVWB1.1.4.0
2025-09-20 22:40:31,994 [WARN] PackLoader:240 - Cannot read IP mode file for STMicroelectronics.FP-ATR-ASTRA1.2.0.2
2025-09-20 22:40:31,998 [WARN] PackLoader:240 - Cannot read IP mode file for STMicroelectronics.FP-ATR-ASTRA1.2.0.1
2025-09-20 22:40:32,009 [WARN] PackLoader:240 - Cannot read IP mode file for STMicroelectronics.X-CUBE-SMBUS.2.1.0
2025-09-20 22:40:32,017 [WARN] PackLoader:240 - Cannot read IP mode file for STMicroelectronics.X-CUBE-WB05N.1.1.0
2025-09-20 22:40:32,025 [WARN] PackLoader:240 - Cannot read IP mode file for STMicroelectronics.X-CUBE-ST60.1.0.0
2025-09-20 22:40:32,059 [WARN] PackLoader:240 - Cannot read IP mode file for STMicroelectronics.X-CUBE-AZRTOS-F7.1.1.0
2025-09-20 22:40:32,069 [WARN] PackLoader:240 - Cannot read IP mode file for STMicroelectronics.FP-SNS-FLIGHT1.5.0.2
2025-09-20 22:40:32,101 [WARN] PackLoader:240 - Cannot read IP mode file for Infineon.AIROC-Wi-Fi-Bluetooth-STM32.1.7.0
2025-09-20 22:40:32,130 [WARN] PackLoader:240 - Cannot read IP mode file for STMicroelectronics.X-CUBE-AZRTOS-H7.3.4.0
2025-09-20 22:40:32,142 [WARN] PackLoader:240 - Cannot read IP mode file for STMicroelectronics.X-CUBE-DISPLAY.3.0.0
2025-09-20 22:40:32,155 [WARN] PackLoader:240 - Cannot read IP mode file for STMicroelectronics.X-CUBE-BLE1.7.0.0
2025-09-20 22:40:32,162 [WARN] PackLoader:240 - Cannot read IP mode file for STMicroelectronics.X-CUBE-NFC10.1.0.0
2025-09-20 22:40:32,178 [WARN] PackLoader:240 - Cannot read IP mode file for STMicroelectronics.X-CUBE-BLEMGR.4.0.0
2025-09-20 22:40:32,189 [WARN] PackLoader:240 - Cannot read IP mode file for emotas.I-CUBE-CANOPEN.1.3.0
2025-09-20 22:40:32,196 [WARN] PackLoader:240 - Cannot read IP mode file for STMicroelectronics.X-CUBE-AI.10.0.0
2025-09-20 22:40:32,203 [WARN] PackLoader:240 - Cannot read IP mode file for STMicroelectronics.FP-SNS-STBOX1.2.1.0
2025-09-20 22:40:32,208 [WARN] PackLoader:240 - Cannot read IP mode file for STMicroelectronics.FP-SNS-SMARTAG2.1.2.0
2025-09-20 22:40:32,211 [WARN] PackLoader:240 - Cannot read IP mode file for STMicroelectronics.FP-SNS-FLIGHT1.5.1.0
2025-09-20 22:40:32,257 [WARN] PackLoader:240 - Cannot read IP mode file for STMicroelectronics.X-CUBE-MEMS1.11.1.0
2025-09-20 22:40:32,408 [INFO] LogOutputStream:77 - [STDOUT_REDIRECT] 1 : Invalid condition id : UX_CORESTACK_Condition cause : null
2025-09-20 22:40:32,409 [INFO] LogOutputStream:77 - [STDOUT_REDIRECT] 1 : Invalid condition id : UX_CORESTACK_Condition cause : null
2025-09-20 22:40:32,411 [INFO] LogOutputStream:77 - [STDOUT_REDIRECT] 1 : Invalid condition id : UX_CORESTACK_Condition cause : null
2025-09-20 22:40:32,412 [INFO] LogOutputStream:77 - [STDOUT_REDIRECT] 1 : Invalid condition id : UX_CORESTACK_Condition cause : null
2025-09-20 22:40:32,414 [INFO] LogOutputStream:77 - [STDOUT_REDIRECT] 1 : Invalid condition id : UX_CORESTACK_Condition cause : null
2025-09-20 22:40:32,418 [WARN] PackLoader:240 - Cannot read IP mode file for STMicroelectronics.X-CUBE-AZRTOS-WL.2.0.0
2025-09-20 22:40:32,427 [WARN] PackLoader:240 - Cannot read IP mode file for STMicroelectronics.FP-SNS-MOTENV1.5.0.0
2025-09-20 22:40:32,435 [WARN] PackLoader:240 - Cannot read IP mode file for wolfSSL.I-CUBE-wolfMQTT.1.19.0
2025-09-20 22:40:32,449 [WARN] PackLoader:240 - Cannot read IP mode file for WES.I-CUBE-Cesium.1.3.0
2025-09-20 22:40:32,457 [WARN] PackLoader:240 - Cannot read IP mode file for STMicroelectronics.X-CUBE-BLE2.3.3.0
2025-09-20 22:40:32,465 [WARN] PackLoader:240 - Cannot read IP mode file for STMicroelectronics.X-CUBE-NFC9.1.0.0
2025-09-20 22:40:32,470 [WARN] PackLoader:240 - Cannot read IP mode file for STMicroelectronics.X-CUBE-BLE1.7.1.0
2025-09-20 22:40:32,478 [WARN] PackLoader:240 - Cannot read IP mode file for STMicroelectronics.X-CUBE-EEPRMA1.5.2.0
2025-09-20 22:40:32,484 [WARN] PackLoader:240 - Cannot read IP mode file for STMicroelectronics.X-CUBE-AI.10.1.0
2025-09-20 22:40:32,556 [WARN] PackLoader:240 - Cannot read IP mode file for STMicroelectronics.X-CUBE-MEMS1.11.2.0
2025-09-20 22:40:32,798 [WARN] PackLoader:240 - Cannot read IP mode file for STMicroelectronics.X-CUBE-AZRTOS-G0.1.1.0
2025-09-20 22:40:32,810 [WARN] PackLoader:240 - Cannot read IP mode file for STMicroelectronics.X-CUBE-SAFEA1.1.2.2
2025-09-20 22:40:32,819 [WARN] PackLoader:240 - Cannot read IP mode file for STMicroelectronics.X-CUBE-NFC4.3.0.0
2025-09-20 22:40:32,829 [WARN] PackLoader:240 - Cannot read IP mode file for EmbeddedOffice.I-CUBE-FS-RTOS.1.0.1
2025-09-20 22:40:32,838 [WARN] PackLoader:240 - Cannot read IP mode file for STMicroelectronics.X-CUBE-WB05N.2.0.0
2025-09-20 22:40:32,849 [WARN] PackLoader:240 - Cannot read IP mode file for STMicroelectronics.X-CUBE-TCPP.4.2.0
2025-09-20 22:40:32,857 [WARN] PackLoader:240 - Cannot read IP mode file for RealThread.X-CUBE-RT-Thread_Nano.4.1.1
2025-09-20 22:40:32,863 [WARN] PackLoader:240 - Cannot read IP mode file for STMicroelectronics.FP-ATR-SIGFOX1.3.2.0
2025-09-20 22:40:32,872 [WARN] ConditionMgr:438 - getConditionDescription Invalid condition id : Cortex-A Device cause : null
2025-09-20 22:40:32,901 [WARN] ConditionMgr:1044 - genDependencies : Invalid condition id : Cortex-A Device cause : null
2025-09-20 22:40:32,901 [WARN] ConditionMgr:1044 - genDependencies : Invalid condition id : Cortex-A Device cause : null
2025-09-20 22:40:32,902 [WARN] ConditionMgr:1044 - genDependencies : Invalid condition id : Cortex-A Device cause : null
2025-09-20 22:40:32,909 [WARN] PackLoader:240 - Cannot read IP mode file for STMicroelectronics.X-CUBE-EEPRMA1.5.1.0
2025-09-20 22:40:32,916 [WARN] PackLoader:240 - Cannot read IP mode file for wolfSSL.I-CUBE-wolfSSL.5.7.4
2025-09-20 22:40:32,923 [WARN] PackLoader:240 - Cannot read IP mode file for ITTIA_DB.I-CUBE-ITTIADB.8.9.0
2025-09-20 22:40:32,936 [WARN] PackLoader:240 - Cannot read IP mode file for STMicroelectronics.X-CUBE-ST67W61.1.0.0
2025-09-20 22:40:32,968 [WARN] PackLoader:240 - Cannot read IP mode file for STMicroelectronics.X-CUBE-AI.10.2.0
2025-09-20 22:40:33,008 [WARN] PackLoader:240 - Cannot read IP mode file for SEGGER.I-CUBE-embOS.1.3.1
2025-09-20 22:40:33,101 [WARN] PackLoader:240 - Cannot read IP mode file for STMicroelectronics.X-CUBE-ALGOBUILD.1.4.0
2025-09-20 22:40:33,165 [WARN] PackLoader:240 - Cannot read IP mode file for STMicroelectronics.X-CUBE-MEMS1.11.3.0
2025-09-20 22:40:33,297 [WARN] PackLoader:240 - Cannot read IP mode file for STMicroelectronics.X-CUBE-AI.9.1.0
2025-09-20 22:40:33,304 [WARN] PackLoader:240 - Cannot read IP mode file for STMicroelectronics.X-CUBE-PM33A1.1.0.0
2025-09-20 22:40:33,322 [WARN] PackLoader:240 - Cannot read IP mode file for STMicroelectronics.X-CUBE-AZRTOS-F4.1.1.0
2025-09-20 22:40:33,332 [WARN] PackLoader:240 - Cannot read IP mode file for Avnet-IotConnect.X-CUBE-IoTC-DA16k-PMOD.1.0.0
2025-09-20 22:40:33,339 [WARN] PackLoader:240 - Cannot read IP mode file for STMicroelectronics.X-CUBE-ISPU.2.1.0
2025-09-20 22:40:33,348 [WARN] PackLoader:240 - Cannot read IP mode file for STMicroelectronics.X-CUBE-NFC12.1.0.0
2025-09-20 22:40:33,366 [WARN] PackLoader:240 - Cannot read IP mode file for STMicroelectronics.X-CUBE-AZRTOS-L5.2.0.0
2025-09-20 22:40:33,377 [WARN] PackLoader:240 - Cannot read IP mode file for STMicroelectronics.X-CUBE-NFC6.3.1.0
2025-09-20 22:40:33,385 [WARN] PackLoader:240 - Cannot read IP mode file for STMicroelectronics.X-CUBE-DPower.1.2.0
2025-09-20 22:40:33,391 [WARN] PackLoader:240 - Cannot read IP mode file for STMicroelectronics.X-CUBE-FREERTOS.1.3.1
2025-09-20 22:40:33,396 [WARN] PackLoader:240 - Cannot read IP mode file for STMicroelectronics.X-CUBE-FREERTOS.1.3.0
2025-09-20 22:40:33,402 [WARN] PackLoader:240 - Cannot read IP mode file for STMicroelectronics.X-CUBE-NFC7.1.0.1
2025-09-20 22:40:33,408 [WARN] PackLoader:240 - Cannot read IP mode file for STMicroelectronics.X-CUBE-DPower.1.3.0
2025-09-20 22:40:33,424 [WARN] ConditionMgr:438 - getConditionDescription Invalid condition id : LAN8742 Phy interface Condition cause : null
2025-09-20 22:40:33,425 [WARN] PackLoader:240 - Cannot read IP mode file for STMicroelectronics.X-CUBE-AZRTOS-L4.2.0.0
2025-09-20 22:40:33,427 [WARN] ConditionMgr:1044 - genDependencies : Invalid condition id : LAN8742 Phy interface Condition cause : null
2025-09-20 22:40:33,427 [WARN] ConditionMgr:1044 - genDependencies : Invalid condition id : LAN8742 Phy interface Condition cause : null
2025-09-20 22:40:33,428 [WARN] ConditionMgr:1044 - genDependencies : Invalid condition id : LAN8742 Phy interface Condition cause : null
2025-09-20 22:40:33,435 [WARN] PackLoader:240 - Cannot read IP mode file for STMicroelectronics.X-CUBE-SFXS2LP1.4.0.0
2025-09-20 22:40:33,454 [WARN] PackLoader:240 - Cannot read IP mode file for STMicroelectronics.X-CUBE-AZRTOS-H7.3.3.0
2025-09-20 22:40:33,468 [WARN] ConditionMgr:438 - getConditionDescription Invalid condition id : UX DEVICE CLASS RTOS Condition cause : null
2025-09-20 22:40:33,468 [WARN] ConditionMgr:438 - getConditionDescription Invalid condition id : UX DEVICE CLASS RTOS Condition cause : null
2025-09-20 22:40:33,469 [WARN] PackLoader:240 - Cannot read IP mode file for STMicroelectronics.X-CUBE-AZRTOS-WB.2.0.0
2025-09-20 22:40:33,470 [WARN] ConditionMgr:1044 - genDependencies : Invalid condition id : UX DEVICE CLASS RTOS Condition cause : null
2025-09-20 22:40:33,470 [WARN] ConditionMgr:1044 - genDependencies : Invalid condition id : UX DEVICE CLASS RTOS Condition cause : null
2025-09-20 22:40:33,471 [WARN] ConditionMgr:1044 - genDependencies : Invalid condition id : UX DEVICE CLASS RTOS Condition cause : null
2025-09-20 22:40:33,471 [WARN] ConditionMgr:1044 - genDependencies : Invalid condition id : UX DEVICE CLASS RTOS Condition cause : null
2025-09-20 22:40:33,471 [WARN] ConditionMgr:1044 - genDependencies : Invalid condition id : UX DEVICE CLASS RTOS Condition cause : null
2025-09-20 22:40:33,478 [WARN] PackLoader:240 - Cannot read IP mode file for STMicroelectronics.X-CUBE-GNSS1.7.0.1
2025-09-20 22:40:33,486 [WARN] PackLoader:240 - Cannot read IP mode file for STMicroelectronics.X-CUBE-TOUCHGFX.4.25.0
2025-09-20 22:40:33,493 [WARN] PackLoader:240 - Cannot read IP mode file for STMicroelectronics.FP-SNS-STBOX1.2.0.0
2025-09-20 22:40:33,504 [WARN] PackLoader:240 - Cannot read IP mode file for STMicroelectronics.X-CUBE-SUBG2.5.0.0
2025-09-20 22:40:33,529 [WARN] PackLoader:240 - Cannot read IP mode file for STMicroelectronics.X-CUBE-AZRTOS-H7RS.1.1.0
2025-09-20 22:40:33,539 [WARN] PackLoader:240 - Cannot read IP mode file for Cesanta.I-CUBE-Mongoose.7.13.0
2025-09-20 22:40:33,550 [WARN] PackLoader:240 - Cannot read IP mode file for STMicroelectronics.X-CUBE-AZRTOS-G4.2.0.0
2025-09-20 22:40:33,557 [WARN] PackLoader:240 - Cannot read IP mode file for STMicroelectronics.X-CUBE-NFC7.2.0.0
2025-09-20 22:40:33,570 [WARN] PackLoader:240 - Cannot read IP mode file for STMicroelectronics.X-CUBE-IPS.3.1.0
2025-09-20 22:40:33,583 [WARN] PackLoader:240 - Cannot read IP mode file for STMicroelectronics.X-CUBE-ALS.1.0.2
2025-09-20 22:40:33,589 [WARN] PackLoader:240 - Cannot read IP mode file for STMicroelectronics.X-CUBE-TOUCHGFX.4.24.2
2025-09-20 22:40:33,612 [WARN] PackLoader:240 - Cannot read IP mode file for STMicroelectronics.X-CUBE-STSE01.1.0.0
2025-09-20 22:40:33,619 [WARN] PackLoader:240 - Cannot read IP mode file for wolfSSL.I-CUBE-wolfTPM.3.4.0
2025-09-20 22:40:33,625 [WARN] PackLoader:240 - Cannot read IP mode file for portGmbH.I-Cube-SoM-uGOAL.1.1.0
2025-09-20 22:40:33,639 [WARN] PackLoader:240 - Cannot read IP mode file for STMicroelectronics.X-CUBE-AZRTOS-H7RS.1.0.0
2025-09-20 22:40:33,650 [WARN] PackLoader:240 - Cannot read IP mode file for STMicroelectronics.X-CUBE-TOF1.3.4.2
2025-09-20 22:40:33,667 [WARN] PackLoader:240 - Cannot read IP mode file for STMicroelectronics.X-CUBE-TOF1.3.4.3
2025-09-20 22:40:33,681 [WARN] PackLoader:240 - Cannot read IP mode file for wolfSSL.I-CUBE-wolfSSH.1.4.17
2025-09-20 22:40:33,682 [INFO] ThirdParty:978 - Integrity check success = true
2025-09-20 22:40:33,683 [INFO] IntegrityCheckThread:100 - exiting critical section [integrity check]
2025-09-20 22:40:33,683 [INFO] IntegrityCheckThread:103 - End integrity checks thread
2025-09-20 22:40:34,836 [ERROR] LogOutputStream:75 - [STDERR_REDIRECT] 
