../Core/Src/main.c:22:5:main	16	static
../Core/Src/main.c:61:6:vBlueLedControllerTask	16	static
../Core/Src/main.c:69:6:vRedLedControllerTask	16	static
../Core/Src/main.c:77:6:vGreenLedControllerTask	16	static
../Core/Src/main.c:85:5:__io_putchar	16	static
../Core/Src/main.c:91:6:SystemClock_Config	88	static
../Core/Src/main.c:133:13:MX_USART2_UART_Init	8	static
../Core/Src/main.c:166:13:MX_GPIO_Init	16	static
../Core/Src/main.c:201:6:HAL_TIM_PeriodElapsedCallback	16	static
../Core/Src/main.c:219:6:Error_Handler	4	static,ignoring_inline_asm
