../Core/Src/main.c:25:5:main	16	static
../Core/Src/main.c:69:6:SenderTask1	32	static
../Core/Src/main.c:87:6:SenderTask2	32	static
../Core/Src/main.c:105:6:ReceiverTask	32	static
../Core/Src/main.c:124:5:uart2_write	16	static
../Core/Src/main.c:133:5:__io_putchar	16	static
../Core/Src/main.c:139:6:SystemClock_Config	88	static
../Core/Src/main.c:181:13:MX_USART2_UART_Init	8	static
../Core/Src/main.c:214:13:MX_GPIO_Init	16	static
../Core/Src/main.c:249:6:HAL_TIM_PeriodElapsedCallback	16	static
../Core/Src/main.c:267:6:Error_Handler	4	static,ignoring_inline_asm
