17:34:33 **** Build of configuration Debug for project 12_Killing_a_Task ****
make -j16 all 
arm-none-eabi-gcc "../Core/Src/main.c" -mcpu=cortex-m4 -std=gnu11 -g3 -DDEBUG -DUSE_HAL_DRIVER -DSTM32F446xx -c -I../Core/Inc -I../Drivers/STM32F4xx_HAL_Driver/Inc -I../Drivers/STM32F4xx_HAL_Driver/Inc/Legacy -I../Drivers/CMSIS/Device/ST/STM32F4xx/Include -I../Drivers/CMSIS/Include -I../Middlewares/Third_Party/FreeRTOS/Source/include -I../Middlewares/Third_Party/FreeRTOS/Source/CMSIS_RTOS_V2 -I../Middlewares/Third_Party/FreeRTOS/Source/portable/GCC/ARM_CM4F -O0 -ffunction-sections -fdata-sections -Wall -fstack-usage -fcyclomatic-complexity -MMD -MP -MF"Core/Src/main.d" -MT"Core/Src/main.o" --specs=nano.specs -mfpu=fpv4-sp-d16 -mfloat-abi=hard -mthumb -o "Core/Src/main.o"
arm-none-eabi-gcc -o "12_Killing_a_Task.elf" @"objects.list"   -mcpu=cortex-m4 -T"C:\Users\anish\OneDrive\Documents\GitHub_Repositories\FreeRTOS-Tutorial\Files\12_Killing_a_Task\STM32F446RETX_FLASH.ld" --specs=nosys.specs -Wl,-Map="12_Killing_a_Task.map" -Wl,--gc-sections -static --specs=nano.specs -mfpu=fpv4-sp-d16 -mfloat-abi=hard -mthumb -Wl,--start-group -lc -lm -Wl,--end-group
Finished building target: 12_Killing_a_Task.elf
 
arm-none-eabi-size  12_Killing_a_Task.elf 
arm-none-eabi-objdump -h -S 12_Killing_a_Task.elf  > "12_Killing_a_Task.list"
   text	   data	    bss	    dec	    hex	filename
  20616	     16	  20512	  41144	   a0b8	12_Killing_a_Task.elf
Finished building: default.size.stdout
 
Finished building: 12_Killing_a_Task.list
 

17:34:35 Build Finished. 0 errors, 0 warnings. (took 2s.428ms)

