19:38:42 **** Incremental Build of configuration Debug for project 13_Idle_Task ****
make -j16 all 
arm-none-eabi-gcc "../Core/Src/main.c" -mcpu=cortex-m4 -std=gnu11 -g3 -DDEBUG -DUSE_HAL_DRIVER -DSTM32F446xx -c -I../Core/Inc -I../Drivers/STM32F4xx_HAL_Driver/Inc -I../Drivers/STM32F4xx_HAL_Driver/Inc/Legacy -I../Drivers/CMSIS/Device/ST/STM32F4xx/Include -I../Drivers/CMSIS/Include -I../Middlewares/Third_Party/FreeRTOS/Source/include -I../Middlewares/Third_Party/FreeRTOS/Source/CMSIS_RTOS_V2 -I../Middlewares/Third_Party/FreeRTOS/Source/portable/GCC/ARM_CM4F -O0 -ffunction-sections -fdata-sections -Wall -fstack-usage -fcyclomatic-complexity -MMD -MP -MF"Core/Src/main.d" -MT"Core/Src/main.o" --specs=nano.specs -mfpu=fpv4-sp-d16 -mfloat-abi=hard -mthumb -o "Core/Src/main.o"
arm-none-eabi-gcc -o "13_Idle_Task.elf" @"objects.list"   -mcpu=cortex-m4 -T"C:\Users\anish\OneDrive\Documents\GitHub_Repositories\FreeRTOS-Tutorial\Files\13_Idle_Task\STM32F446RETX_FLASH.ld" --specs=nosys.specs -Wl,-Map="13_Idle_Task.map" -Wl,--gc-sections -static --specs=nano.specs -mfpu=fpv4-sp-d16 -mfloat-abi=hard -mthumb -Wl,--start-group -lc -lm -Wl,--end-group
Finished building target: 13_Idle_Task.elf
 
arm-none-eabi-size  13_Idle_Task.elf 
arm-none-eabi-objdump -h -S 13_Idle_Task.elf  > "13_Idle_Task.list"
   text	   data	    bss	    dec	    hex	filename
  20424	     16	  20496	  40936	   9fe8	13_Idle_Task.elf
Finished building: default.size.stdout
 
Finished building: 13_Idle_Task.list
 

19:38:44 Build Finished. 0 errors, 0 warnings. (took 1s.183ms)

