14:52:13 **** Incremental Build of configuration Debug for project 17_Working_With_QueueSets ****
make -j16 all 
arm-none-eabi-gcc "../Core/Src/main.c" -mcpu=cortex-m4 -std=gnu11 -g3 -DDEBUG -DUSE_HAL_DRIVER -DSTM32F446xx -c -I../Core/Inc -I../Drivers/STM32F4xx_HAL_Driver/Inc -I../Drivers/STM32F4xx_HAL_Driver/Inc/Legacy -I../Drivers/CMSIS/Device/ST/STM32F4xx/Include -I../Drivers/CMSIS/Include -I../Middlewares/Third_Party/FreeRTOS/Source/include -I../Middlewares/Third_Party/FreeRTOS/Source/CMSIS_RTOS_V2 -I../Middlewares/Third_Party/FreeRTOS/Source/portable/GCC/ARM_CM4F -O0 -ffunction-sections -fdata-sections -Wall -fstack-usage -fcyclomatic-complexity -MMD -MP -MF"Core/Src/main.d" -MT"Core/Src/main.o" --specs=nano.specs -mfpu=fpv4-sp-d16 -mfloat-abi=hard -mthumb -o "Core/Src/main.o"
arm-none-eabi-gcc -o "17_Working_With_QueueSets.elf" @"objects.list"   -mcpu=cortex-m4 -T"C:\Users\anish\OneDrive\Documents\GitHub_Repositories\FreeRTOS-Tutorial\Files\17_Working_With_QueueSets\STM32F446RETX_FLASH.ld" --specs=nosys.specs -Wl,-Map="17_Working_With_QueueSets.map" -Wl,--gc-sections -static --specs=nano.specs -mfpu=fpv4-sp-d16 -mfloat-abi=hard -mthumb -Wl,--start-group -lc -lm -Wl,--end-group
Finished building target: 17_Working_With_QueueSets.elf
 
arm-none-eabi-size  17_Working_With_QueueSets.elf 
arm-none-eabi-objdump -h -S 17_Working_With_QueueSets.elf  > "17_Working_With_QueueSets.list"
   text	   data	    bss	    dec	    hex	filename
  25388	    108	  20828	  46324	   b4f4	17_Working_With_QueueSets.elf
Finished building: default.size.stdout
 
Finished building: 17_Working_With_QueueSets.list
 

14:52:14 Build Finished. 0 errors, 0 warnings. (took 1s.342ms)

