../Core/Src/main.c:22:5:main	16	static
../Core/Src/main.c:49:6:vBlueLedControllerTask	24	static
../Core/Src/main.c:71:6:vRedLedControllerTask	16	static
../Core/Src/main.c:79:6:vGreenLedControllerTask	16	static
../Core/Src/main.c:87:5:__io_putchar	16	static
../Core/Src/main.c:93:6:SystemClock_Config	88	static
../Core/Src/main.c:135:13:MX_USART2_UART_Init	8	static
../Core/Src/main.c:168:13:MX_GPIO_Init	16	static
../Core/Src/main.c:203:6:HAL_TIM_PeriodElapsedCallback	16	static
../Core/Src/main.c:221:6:Error_Handler	4	static,ignoring_inline_asm
