../Core/Src/main.c:24:5:main	16	static
../Core/Src/main.c:58:6:SenderTask	32	static
../Core/Src/main.c:76:6:ReceiverTask	32	static
../Core/Src/main.c:95:5:uart2_write	16	static
../Core/Src/main.c:104:5:__io_putchar	16	static
../Core/Src/main.c:110:6:SystemClock_Config	88	static
../Core/Src/main.c:152:13:MX_USART2_UART_Init	8	static
../Core/Src/main.c:185:13:MX_GPIO_Init	16	static
../Core/Src/main.c:220:6:HAL_TIM_PeriodElapsedCallback	16	static
../Core/Src/main.c:238:6:Error_Handler	4	static,ignoring_inline_asm
