../Core/Src/main.c:29:5:main	16	static
../Core/Src/main.c:68:6:vSenderTask1	24	static
../Core/Src/main.c:84:6:vSenderTask2	24	static
../Core/Src/main.c:100:6:vReceiverTask	24	static
../Core/Src/main.c:117:5:uart2_write	16	static
../Core/Src/main.c:126:5:__io_putchar	16	static
../Core/Src/main.c:132:6:SystemClock_Config	88	static
../Core/Src/main.c:174:13:MX_USART2_UART_Init	8	static
../Core/Src/main.c:207:13:MX_GPIO_Init	16	static
../Core/Src/main.c:242:6:HAL_TIM_PeriodElapsedCallback	16	static
../Core/Src/main.c:260:6:Error_Handler	4	static,ignoring_inline_asm
